
Allocating common symbols
Common symbol       size              file

TIM_BaseStruct      0xc               ..\obj\main.o
GPIO_InitStruct     0x8               ..\obj\main.o
NVIC_InitStruct     0x4               ..\obj\main.o

Discarded input sections

 .text          0x00000000        0x0 ..\obj\startup_stm32f4xx.o
 .data          0x00000000        0x0 ..\obj\startup_stm32f4xx.o
 .bss           0x00000000        0x0 ..\obj\startup_stm32f4xx.o
 .text          0x00000000        0x0 ..\obj\main.o
 .text          0x00000000        0x0 ..\obj\stm32f4xx_rcc.o
 .data          0x00000000       0x10 ..\obj\stm32f4xx_rcc.o
 .bss           0x00000000        0x0 ..\obj\stm32f4xx_rcc.o
 .text.RCC_DeInit
                0x00000000       0x50 ..\obj\stm32f4xx_rcc.o
 .text.RCC_HSEConfig
                0x00000000       0x24 ..\obj\stm32f4xx_rcc.o
 .text.RCC_WaitForHSEStartUp
                0x00000000       0x50 ..\obj\stm32f4xx_rcc.o
 .text.RCC_AdjustHSICalibrationValue
                0x00000000       0x3c ..\obj\stm32f4xx_rcc.o
 .text.RCC_HSICmd
                0x00000000       0x20 ..\obj\stm32f4xx_rcc.o
 .text.RCC_LSEConfig
                0x00000000       0x40 ..\obj\stm32f4xx_rcc.o
 .text.RCC_LSICmd
                0x00000000       0x20 ..\obj\stm32f4xx_rcc.o
 .text.RCC_PLLConfig
                0x00000000       0x3c ..\obj\stm32f4xx_rcc.o
 .text.RCC_PLLCmd
                0x00000000       0x20 ..\obj\stm32f4xx_rcc.o
 .text.RCC_PLLI2SConfig
                0x00000000       0x28 ..\obj\stm32f4xx_rcc.o
 .text.RCC_PLLI2SCmd
                0x00000000       0x20 ..\obj\stm32f4xx_rcc.o
 .text.RCC_ClockSecuritySystemCmd
                0x00000000       0x20 ..\obj\stm32f4xx_rcc.o
 .text.RCC_MCO1Config
                0x00000000       0x3c ..\obj\stm32f4xx_rcc.o
 .text.RCC_MCO2Config
                0x00000000       0x3c ..\obj\stm32f4xx_rcc.o
 .text.RCC_SYSCLKConfig
                0x00000000       0x38 ..\obj\stm32f4xx_rcc.o
 .text.RCC_GetSYSCLKSource
                0x00000000       0x20 ..\obj\stm32f4xx_rcc.o
 .text.RCC_HCLKConfig
                0x00000000       0x38 ..\obj\stm32f4xx_rcc.o
 .text.RCC_PCLK1Config
                0x00000000       0x38 ..\obj\stm32f4xx_rcc.o
 .text.RCC_PCLK2Config
                0x00000000       0x38 ..\obj\stm32f4xx_rcc.o
 .text.RCC_GetClocksFreq
                0x00000000      0x154 ..\obj\stm32f4xx_rcc.o
 .text.RCC_RTCCLKConfig
                0x00000000       0x5c ..\obj\stm32f4xx_rcc.o
 .text.RCC_RTCCLKCmd
                0x00000000       0x20 ..\obj\stm32f4xx_rcc.o
 .text.RCC_BackupResetCmd
                0x00000000       0x20 ..\obj\stm32f4xx_rcc.o
 .text.RCC_I2SCLKConfig
                0x00000000       0x1c ..\obj\stm32f4xx_rcc.o
 .text.RCC_AHB2PeriphClockCmd
                0x00000000       0x3c ..\obj\stm32f4xx_rcc.o
 .text.RCC_AHB3PeriphClockCmd
                0x00000000       0x3c ..\obj\stm32f4xx_rcc.o
 .text.RCC_APB2PeriphClockCmd
                0x00000000       0x3c ..\obj\stm32f4xx_rcc.o
 .text.RCC_AHB1PeriphResetCmd
                0x00000000       0x3c ..\obj\stm32f4xx_rcc.o
 .text.RCC_AHB2PeriphResetCmd
                0x00000000       0x3c ..\obj\stm32f4xx_rcc.o
 .text.RCC_AHB3PeriphResetCmd
                0x00000000       0x3c ..\obj\stm32f4xx_rcc.o
 .text.RCC_APB1PeriphResetCmd
                0x00000000       0x3c ..\obj\stm32f4xx_rcc.o
 .text.RCC_APB2PeriphResetCmd
                0x00000000       0x3c ..\obj\stm32f4xx_rcc.o
 .text.RCC_AHB1PeriphClockLPModeCmd
                0x00000000       0x3c ..\obj\stm32f4xx_rcc.o
 .text.RCC_AHB2PeriphClockLPModeCmd
                0x00000000       0x3c ..\obj\stm32f4xx_rcc.o
 .text.RCC_AHB3PeriphClockLPModeCmd
                0x00000000       0x3c ..\obj\stm32f4xx_rcc.o
 .text.RCC_APB1PeriphClockLPModeCmd
                0x00000000       0x3c ..\obj\stm32f4xx_rcc.o
 .text.RCC_APB2PeriphClockLPModeCmd
                0x00000000       0x3c ..\obj\stm32f4xx_rcc.o
 .text.RCC_ITConfig
                0x00000000       0x4c ..\obj\stm32f4xx_rcc.o
 .text.RCC_GetFlagStatus
                0x00000000       0x74 ..\obj\stm32f4xx_rcc.o
 .text.RCC_ClearFlag
                0x00000000       0x1c ..\obj\stm32f4xx_rcc.o
 .text.RCC_GetITStatus
                0x00000000       0x38 ..\obj\stm32f4xx_rcc.o
 .text.RCC_ClearITPendingBit
                0x00000000       0x20 ..\obj\stm32f4xx_rcc.o
 .text          0x00000000        0x0 ..\obj\printf.o
 .data          0x00000000      0x42c ..\obj\printf.o
 .bss           0x00000000        0x0 ..\obj\printf.o
 .text.PrintChar
                0x00000000       0x14 ..\obj\printf.o
 .text.PutChar  0x00000000       0x20 ..\obj\printf.o
 .text.PutString
                0x00000000       0x3c ..\obj\printf.o
 .text.PutUnsignedInt
                0x00000000       0xa0 ..\obj\printf.o
 .text.PutSignedInt
                0x00000000      0x104 ..\obj\printf.o
 .text.PutHexa  0x00000000       0xd8 ..\obj\printf.o
 .text.vsnprintf
                0x00000000      0x25c ..\obj\printf.o
 .text.snprintf
                0x00000000       0x30 ..\obj\printf.o
 .text.vsprintf
                0x00000000       0x24 ..\obj\printf.o
 .rodata        0x00000000       0x24 ..\obj\printf.o
 .text.vfprintf
                0x00000000       0x68 ..\obj\printf.o
 .text.vprintf  0x00000000       0x28 ..\obj\printf.o
 .text.fprintf  0x00000000       0x2c ..\obj\printf.o
 .text.printf   0x00000000       0x28 ..\obj\printf.o
 .text.sprintf  0x00000000       0x2c ..\obj\printf.o
 .text.puts     0x00000000       0x24 ..\obj\printf.o
 .text.fputc    0x00000000       0x40 ..\obj\printf.o
 .text.fputs    0x00000000       0x48 ..\obj\printf.o
 .debug_info    0x00000000      0xe38 ..\obj\printf.o
 .debug_abbrev  0x00000000      0x27e ..\obj\printf.o
 .debug_aranges
                0x00000000       0xa0 ..\obj\printf.o
 .debug_ranges  0x00000000       0x90 ..\obj\printf.o
 .debug_line    0x00000000      0x370 ..\obj\printf.o
 .debug_str     0x00000000      0x656 ..\obj\printf.o
 .comment       0x00000000       0x71 ..\obj\printf.o
 .debug_frame   0x00000000      0x2e0 ..\obj\printf.o
 .ARM.attributes
                0x00000000       0x33 ..\obj\printf.o
 .text          0x00000000        0x0 ..\obj\stm32f4xx_gpio.o
 .data          0x00000000        0x0 ..\obj\stm32f4xx_gpio.o
 .bss           0x00000000        0x0 ..\obj\stm32f4xx_gpio.o
 .text.GPIO_DeInit
                0x00000000      0x120 ..\obj\stm32f4xx_gpio.o
 .text.GPIO_StructInit
                0x00000000       0x34 ..\obj\stm32f4xx_gpio.o
 .text.GPIO_PinLockConfig
                0x00000000       0x44 ..\obj\stm32f4xx_gpio.o
 .text.GPIO_ReadInputDataBit
                0x00000000       0x34 ..\obj\stm32f4xx_gpio.o
 .text.GPIO_ReadInputData
                0x00000000       0x1c ..\obj\stm32f4xx_gpio.o
 .text.GPIO_ReadOutputDataBit
                0x00000000       0x34 ..\obj\stm32f4xx_gpio.o
 .text.GPIO_ReadOutputData
                0x00000000       0x1c ..\obj\stm32f4xx_gpio.o
 .text.GPIO_SetBits
                0x00000000       0x1c ..\obj\stm32f4xx_gpio.o
 .text.GPIO_ResetBits
                0x00000000       0x1c ..\obj\stm32f4xx_gpio.o
 .text.GPIO_WriteBit
                0x00000000       0x30 ..\obj\stm32f4xx_gpio.o
 .text.GPIO_Write
                0x00000000       0x1c ..\obj\stm32f4xx_gpio.o
 .text.GPIO_ToggleBits
                0x00000000       0x24 ..\obj\stm32f4xx_gpio.o
 .text          0x00000000        0x0 ..\obj\system_stm32f4xx.o
 .data          0x00000000       0x14 ..\obj\system_stm32f4xx.o
 .bss           0x00000000        0x0 ..\obj\system_stm32f4xx.o
 .text.SystemCoreClockUpdate
                0x00000000       0xf8 ..\obj\system_stm32f4xx.o
 .text          0x00000000        0x0 ..\obj\syscalls.o
 .data          0x00000000        0x0 ..\obj\syscalls.o
 .bss           0x00000000        0x4 ..\obj\syscalls.o
 .text._sbrk    0x00000000       0x40 ..\obj\syscalls.o
 .text.link     0x00000000       0x1c ..\obj\syscalls.o
 .text._close   0x00000000       0x18 ..\obj\syscalls.o
 .text._fstat   0x00000000       0x20 ..\obj\syscalls.o
 .text._isatty  0x00000000       0x18 ..\obj\syscalls.o
 .text._lseek   0x00000000       0x1c ..\obj\syscalls.o
 .text._read    0x00000000       0x1c ..\obj\syscalls.o
 .text._write   0x00000000       0x1c ..\obj\syscalls.o
 .text.abort    0x00000000        0x8 ..\obj\syscalls.o
 .debug_info    0x00000000      0x3ee ..\obj\syscalls.o
 .debug_abbrev  0x00000000       0xe2 ..\obj\syscalls.o
 .debug_aranges
                0x00000000       0x60 ..\obj\syscalls.o
 .debug_ranges  0x00000000       0x50 ..\obj\syscalls.o
 .debug_line    0x00000000      0x170 ..\obj\syscalls.o
 .debug_str     0x00000000      0x2c7 ..\obj\syscalls.o
 .comment       0x00000000       0x71 ..\obj\syscalls.o
 .debug_frame   0x00000000      0x168 ..\obj\syscalls.o
 .ARM.attributes
                0x00000000       0x33 ..\obj\syscalls.o
 .text          0x00000000        0x0 ..\obj\misc.o
 .data          0x00000000        0x0 ..\obj\misc.o
 .bss           0x00000000        0x0 ..\obj\misc.o
 .text.NVIC_PriorityGroupConfig
                0x00000000       0x24 ..\obj\misc.o
 .text.NVIC_SetVectorTable
                0x00000000       0x2c ..\obj\misc.o
 .text.NVIC_SystemLPConfig
                0x00000000       0x40 ..\obj\misc.o
 .text.SysTick_CLKSourceConfig
                0x00000000       0x38 ..\obj\misc.o
 .text          0x00000000        0x0 ..\obj\stm32f4xx_tim.o
 .data          0x00000000        0x0 ..\obj\stm32f4xx_tim.o
 .bss           0x00000000        0x0 ..\obj\stm32f4xx_tim.o
 .text.TIM_DeInit
                0x00000000      0x1bc ..\obj\stm32f4xx_tim.o
 .text.TIM_TimeBaseStructInit
                0x00000000       0x34 ..\obj\stm32f4xx_tim.o
 .text.TIM_PrescalerConfig
                0x00000000       0x28 ..\obj\stm32f4xx_tim.o
 .text.TIM_CounterModeConfig
                0x00000000       0x38 ..\obj\stm32f4xx_tim.o
 .text.TIM_SetCounter
                0x00000000       0x1c ..\obj\stm32f4xx_tim.o
 .text.TIM_SetAutoreload
                0x00000000       0x1c ..\obj\stm32f4xx_tim.o
 .text.TIM_GetCounter
                0x00000000       0x18 ..\obj\stm32f4xx_tim.o
 .text.TIM_GetPrescaler
                0x00000000       0x1c ..\obj\stm32f4xx_tim.o
 .text.TIM_UpdateDisableConfig
                0x00000000       0x40 ..\obj\stm32f4xx_tim.o
 .text.TIM_UpdateRequestConfig
                0x00000000       0x40 ..\obj\stm32f4xx_tim.o
 .text.TIM_ARRPreloadConfig
                0x00000000       0x40 ..\obj\stm32f4xx_tim.o
 .text.TIM_SelectOnePulseMode
                0x00000000       0x38 ..\obj\stm32f4xx_tim.o
 .text.TIM_SetClockDivision
                0x00000000       0x38 ..\obj\stm32f4xx_tim.o
 .text.TIM_OC2Init
                0x00000000      0x110 ..\obj\stm32f4xx_tim.o
 .text.TIM_OC3Init
                0x00000000      0x10c ..\obj\stm32f4xx_tim.o
 .text.TIM_OC4Init
                0x00000000       0xcc ..\obj\stm32f4xx_tim.o
 .text.TIM_OCStructInit
                0x00000000       0x44 ..\obj\stm32f4xx_tim.o
 .text.TIM_SelectOCxM
                0x00000000       0xb0 ..\obj\stm32f4xx_tim.o
 .text.TIM_SetCompare1
                0x00000000       0x1c ..\obj\stm32f4xx_tim.o
 .text.TIM_SetCompare2
                0x00000000       0x1c ..\obj\stm32f4xx_tim.o
 .text.TIM_SetCompare3
                0x00000000       0x1c ..\obj\stm32f4xx_tim.o
 .text.TIM_SetCompare4
                0x00000000       0x1c ..\obj\stm32f4xx_tim.o
 .text.TIM_ForcedOC1Config
                0x00000000       0x38 ..\obj\stm32f4xx_tim.o
 .text.TIM_ForcedOC2Config
                0x00000000       0x3c ..\obj\stm32f4xx_tim.o
 .text.TIM_ForcedOC3Config
                0x00000000       0x38 ..\obj\stm32f4xx_tim.o
 .text.TIM_ForcedOC4Config
                0x00000000       0x3c ..\obj\stm32f4xx_tim.o
 .text.TIM_OC1PreloadConfig
                0x00000000       0x38 ..\obj\stm32f4xx_tim.o
 .text.TIM_OC2PreloadConfig
                0x00000000       0x3c ..\obj\stm32f4xx_tim.o
 .text.TIM_OC3PreloadConfig
                0x00000000       0x38 ..\obj\stm32f4xx_tim.o
 .text.TIM_OC4PreloadConfig
                0x00000000       0x3c ..\obj\stm32f4xx_tim.o
 .text.TIM_OC1FastConfig
                0x00000000       0x38 ..\obj\stm32f4xx_tim.o
 .text.TIM_OC2FastConfig
                0x00000000       0x3c ..\obj\stm32f4xx_tim.o
 .text.TIM_OC3FastConfig
                0x00000000       0x38 ..\obj\stm32f4xx_tim.o
 .text.TIM_OC4FastConfig
                0x00000000       0x3c ..\obj\stm32f4xx_tim.o
 .text.TIM_ClearOC1Ref
                0x00000000       0x38 ..\obj\stm32f4xx_tim.o
 .text.TIM_ClearOC2Ref
                0x00000000       0x3c ..\obj\stm32f4xx_tim.o
 .text.TIM_ClearOC3Ref
                0x00000000       0x38 ..\obj\stm32f4xx_tim.o
 .text.TIM_ClearOC4Ref
                0x00000000       0x3c ..\obj\stm32f4xx_tim.o
 .text.TIM_OC1PolarityConfig
                0x00000000       0x38 ..\obj\stm32f4xx_tim.o
 .text.TIM_OC1NPolarityConfig
                0x00000000       0x38 ..\obj\stm32f4xx_tim.o
 .text.TIM_OC2PolarityConfig
                0x00000000       0x3c ..\obj\stm32f4xx_tim.o
 .text.TIM_OC2NPolarityConfig
                0x00000000       0x3c ..\obj\stm32f4xx_tim.o
 .text.TIM_OC3PolarityConfig
                0x00000000       0x3c ..\obj\stm32f4xx_tim.o
 .text.TIM_OC3NPolarityConfig
                0x00000000       0x3c ..\obj\stm32f4xx_tim.o
 .text.TIM_OC4PolarityConfig
                0x00000000       0x3c ..\obj\stm32f4xx_tim.o
 .text.TIM_CCxCmd
                0x00000000       0x54 ..\obj\stm32f4xx_tim.o
 .text.TIM_CCxNCmd
                0x00000000       0x54 ..\obj\stm32f4xx_tim.o
 .text.TIM_ICInit
                0x00000000       0xa8 ..\obj\stm32f4xx_tim.o
 .text.TIM_ICStructInit
                0x00000000       0x30 ..\obj\stm32f4xx_tim.o
 .text.TIM_PWMIConfig
                0x00000000       0xb8 ..\obj\stm32f4xx_tim.o
 .text.TIM_GetCapture1
                0x00000000       0x18 ..\obj\stm32f4xx_tim.o
 .text.TIM_GetCapture2
                0x00000000       0x18 ..\obj\stm32f4xx_tim.o
 .text.TIM_GetCapture3
                0x00000000       0x18 ..\obj\stm32f4xx_tim.o
 .text.TIM_GetCapture4
                0x00000000       0x18 ..\obj\stm32f4xx_tim.o
 .text.TIM_SetIC1Prescaler
                0x00000000       0x38 ..\obj\stm32f4xx_tim.o
 .text.TIM_SetIC2Prescaler
                0x00000000       0x3c ..\obj\stm32f4xx_tim.o
 .text.TIM_SetIC3Prescaler
                0x00000000       0x38 ..\obj\stm32f4xx_tim.o
 .text.TIM_SetIC4Prescaler
                0x00000000       0x3c ..\obj\stm32f4xx_tim.o
 .text.TIM_BDTRConfig
                0x00000000       0x50 ..\obj\stm32f4xx_tim.o
 .text.TIM_BDTRStructInit
                0x00000000       0x3c ..\obj\stm32f4xx_tim.o
 .text.TIM_CtrlPWMOutputs
                0x00000000       0x4c ..\obj\stm32f4xx_tim.o
 .text.TIM_SelectCOM
                0x00000000       0x40 ..\obj\stm32f4xx_tim.o
 .text.TIM_CCPreloadControl
                0x00000000       0x40 ..\obj\stm32f4xx_tim.o
 .text.TIM_GenerateEvent
                0x00000000       0x1c ..\obj\stm32f4xx_tim.o
 .text.TIM_GetFlagStatus
                0x00000000       0x38 ..\obj\stm32f4xx_tim.o
 .text.TIM_ClearFlag
                0x00000000       0x20 ..\obj\stm32f4xx_tim.o
 .text.TIM_DMAConfig
                0x00000000       0x28 ..\obj\stm32f4xx_tim.o
 .text.TIM_DMACmd
                0x00000000       0x48 ..\obj\stm32f4xx_tim.o
 .text.TIM_SelectCCDMA
                0x00000000       0x40 ..\obj\stm32f4xx_tim.o
 .text.TIM_InternalClockConfig
                0x00000000       0x24 ..\obj\stm32f4xx_tim.o
 .text.TIM_ITRxExternalClockConfig
                0x00000000       0x2c ..\obj\stm32f4xx_tim.o
 .text.TIM_TIxExternalClockConfig
                0x00000000       0x60 ..\obj\stm32f4xx_tim.o
 .text.TIM_ETRClockMode1Config
                0x00000000       0x5c ..\obj\stm32f4xx_tim.o
 .text.TIM_ETRClockMode2Config
                0x00000000       0x3c ..\obj\stm32f4xx_tim.o
 .text.TIM_SelectInputTrigger
                0x00000000       0x38 ..\obj\stm32f4xx_tim.o
 .text.TIM_SelectOutputTrigger
                0x00000000       0x38 ..\obj\stm32f4xx_tim.o
 .text.TIM_SelectSlaveMode
                0x00000000       0x38 ..\obj\stm32f4xx_tim.o
 .text.TIM_SelectMasterSlaveMode
                0x00000000       0x38 ..\obj\stm32f4xx_tim.o
 .text.TIM_ETRConfig
                0x00000000       0x54 ..\obj\stm32f4xx_tim.o
 .text.TIM_EncoderInterfaceConfig
                0x00000000       0x98 ..\obj\stm32f4xx_tim.o
 .text.TIM_SelectHallSensor
                0x00000000       0x40 ..\obj\stm32f4xx_tim.o
 .text.TIM_RemapConfig
                0x00000000       0x20 ..\obj\stm32f4xx_tim.o
 .text.TI1_Config
                0x00000000       0x84 ..\obj\stm32f4xx_tim.o
 .text.TI2_Config
                0x00000000       0x98 ..\obj\stm32f4xx_tim.o
 .text.TI3_Config
                0x00000000       0x90 ..\obj\stm32f4xx_tim.o
 .text.TI4_Config
                0x00000000       0x9c ..\obj\stm32f4xx_tim.o

Memory Configuration

Name             Origin             Length             Attributes
rom              0x08000000         0x00100000         xr
ram              0x20000000         0x00020000         xrw
ram1             0x10000000         0x00010000         xrw
*default*        0x00000000         0xffffffff

Linker script and memory map

                0x20020000                _eram = 0x20020000

.text           0x08000000      0xa98
 *(.isr_vector)
 .isr_vector    0x08000000      0x188 ..\obj\startup_stm32f4xx.o
                0x08000000                g_pfnVectors
 *(.text*)
 .text.Default_Reset_Handler
                0x08000188       0x58 ..\obj\startup_stm32f4xx.o
                0x08000188                Default_Reset_Handler
                0x08000188                Reset_Handler
 .text.Default_Handler
                0x080001e0        0x8 ..\obj\startup_stm32f4xx.o
                0x080001e0                RTC_Alarm_IRQHandler
                0x080001e0                HASH_RNG_IRQHandler
                0x080001e0                EXTI2_IRQHandler
                0x080001e0                TIM8_CC_IRQHandler
                0x080001e0                DebugMon_Handler
                0x080001e0                TIM1_CC_IRQHandler
                0x080001e0                DMA2_Stream5_IRQHandler
                0x080001e0                HardFault_Handler
                0x080001e0                DMA1_Stream5_IRQHandler
                0x080001e0                SysTick_Handler
                0x080001e0                PVD_IRQHandler
                0x080001e0                SDIO_IRQHandler
                0x080001e0                TAMP_STAMP_IRQHandler
                0x080001e0                PendSV_Handler
                0x080001e0                NMI_Handler
                0x080001e0                CAN2_RX1_IRQHandler
                0x080001e0                EXTI3_IRQHandler
                0x080001e0                TIM8_TRG_COM_TIM14_IRQHandler
                0x080001e0                TIM1_UP_TIM10_IRQHandler
                0x080001e0                TIM8_UP_TIM13_IRQHandler
                0x080001e0                I2C3_ER_IRQHandler
                0x080001e0                EXTI0_IRQHandler
                0x080001e0                I2C2_EV_IRQHandler
                0x080001e0                DMA1_Stream2_IRQHandler
                0x080001e0                CAN1_RX0_IRQHandler
                0x080001e0                FPU_IRQHandler
                0x080001e0                OTG_HS_WKUP_IRQHandler
                0x080001e0                UsageFault_Handler
                0x080001e0                CAN2_SCE_IRQHandler
                0x080001e0                DMA2_Stream2_IRQHandler
                0x080001e0                SPI1_IRQHandler
                0x080001e0                TIM6_DAC_IRQHandler
                0x080001e0                TIM1_BRK_TIM9_IRQHandler
                0x080001e0                DCMI_IRQHandler
                0x080001e0                CAN2_RX0_IRQHandler
                0x080001e0                DMA2_Stream3_IRQHandler
                0x080001e0                USART6_IRQHandler
                0x080001e0                USART3_IRQHandler
                0x080001e0                CRYP_IRQHandler
                0x080001e0                CAN1_RX1_IRQHandler
                0x080001e0                UART5_IRQHandler
                0x080001e0                DMA2_Stream0_IRQHandler
                0x080001e0                TIM4_IRQHandler
                0x080001e0                I2C1_EV_IRQHandler
                0x080001e0                DMA1_Stream6_IRQHandler
                0x080001e0                DMA1_Stream1_IRQHandler
                0x080001e0                UART4_IRQHandler
                0x080001e0                RCC_IRQHandler
                0x080001e0                TIM8_BRK_TIM12_IRQHandler
                0x080001e0                EXTI15_10_IRQHandler
                0x080001e0                ADC_IRQHandler
                0x080001e0                DMA1_Stream7_IRQHandler
                0x080001e0                TIM7_IRQHandler
                0x080001e0                CAN2_TX_IRQHandler
                0x080001e0                TIM5_IRQHandler
                0x080001e0                DMA2_Stream7_IRQHandler
                0x080001e0                I2C3_EV_IRQHandler
                0x080001e0                EXTI9_5_IRQHandler
                0x080001e0                RTC_WKUP_IRQHandler
                0x080001e0                ETH_WKUP_IRQHandler
                0x080001e0                SPI2_IRQHandler
                0x080001e0                OTG_HS_EP1_IN_IRQHandler
                0x080001e0                MemManage_Handler
                0x080001e0                DMA1_Stream0_IRQHandler
                0x080001e0                CAN1_TX_IRQHandler
                0x080001e0                SVC_Handler
                0x080001e0                EXTI4_IRQHandler
                0x080001e0                FSMC_IRQHandler
                0x080001e0                ETH_IRQHandler
                0x080001e0                OTG_HS_EP1_OUT_IRQHandler
                0x080001e0                WWDG_IRQHandler
                0x080001e0                TIM2_IRQHandler
                0x080001e0                OTG_FS_WKUP_IRQHandler
                0x080001e0                TIM1_TRG_COM_TIM11_IRQHandler
                0x080001e0                OTG_HS_IRQHandler
                0x080001e0                EXTI1_IRQHandler
                0x080001e0                USART2_IRQHandler
                0x080001e0                I2C2_ER_IRQHandler
                0x080001e0                DMA2_Stream1_IRQHandler
                0x080001e0                CAN1_SCE_IRQHandler
                0x080001e0                FLASH_IRQHandler
                0x080001e0                DMA2_Stream4_IRQHandler
                0x080001e0                BusFault_Handler
                0x080001e0                USART1_IRQHandler
                0x080001e0                OTG_FS_IRQHandler
                0x080001e0                SPI3_IRQHandler
                0x080001e0                DMA1_Stream4_IRQHandler
                0x080001e0                I2C1_ER_IRQHandler
                0x080001e0                DMA2_Stream6_IRQHandler
                0x080001e0                DMA1_Stream3_IRQHandler
 .text.map      0x080001e8       0x38 ..\obj\main.o
                0x080001e8                map
 .text.main     0x08000220      0x104 ..\obj\main.o
                0x08000220                main
 .text.TIM3_IRQHandler
                0x08000324       0x80 ..\obj\main.o
                0x08000324                TIM3_IRQHandler
 .text.RCC_AHB1PeriphClockCmd
                0x080003a4       0x3c ..\obj\stm32f4xx_rcc.o
                0x080003a4                RCC_AHB1PeriphClockCmd
 .text.RCC_APB1PeriphClockCmd
                0x080003e0       0x3c ..\obj\stm32f4xx_rcc.o
                0x080003e0                RCC_APB1PeriphClockCmd
 .text.GPIO_Init
                0x0800041c      0x11c ..\obj\stm32f4xx_gpio.o
                0x0800041c                GPIO_Init
 .text.GPIO_PinAFConfig
                0x08000538       0x90 ..\obj\stm32f4xx_gpio.o
                0x08000538                GPIO_PinAFConfig
 .text.SystemInit
                0x080005c8       0x58 ..\obj\system_stm32f4xx.o
                0x080005c8                SystemInit
 .text.SetSysClock
                0x08000620       0xf4 ..\obj\system_stm32f4xx.o
 .text.NVIC_Init
                0x08000714       0xc0 ..\obj\misc.o
                0x08000714                NVIC_Init
 .text.TIM_TimeBaseInit
                0x080007d4       0xd4 ..\obj\stm32f4xx_tim.o
                0x080007d4                TIM_TimeBaseInit
 .text.TIM_Cmd  0x080008a8       0x40 ..\obj\stm32f4xx_tim.o
                0x080008a8                TIM_Cmd
 .text.TIM_OC1Init
                0x080008e8       0xf4 ..\obj\stm32f4xx_tim.o
                0x080008e8                TIM_OC1Init
 .text.TIM_ITConfig
                0x080009dc       0x48 ..\obj\stm32f4xx_tim.o
                0x080009dc                TIM_ITConfig
 .text.TIM_GetITStatus
                0x08000a24       0x54 ..\obj\stm32f4xx_tim.o
                0x08000a24                TIM_GetITStatus
 .text.TIM_ClearITPendingBit
                0x08000a78       0x20 ..\obj\stm32f4xx_tim.o
                0x08000a78                TIM_ClearITPendingBit
 *(.init)
 *(.fini)
 *crtbegin.o(.ctors)
 *crtbegin?.o(.ctors)
 *(EXCLUDE_FILE(*crtend.o *crtend?.o) .ctors)
 *(SORT(.ctors.*))
 *(.ctors)
 *crtbegin.o(.dtors)
 *crtbegin?.o(.dtors)
 *(EXCLUDE_FILE(*crtend.o *crtend?.o) .dtors)
 *(SORT(.dtors.*))
 *(.dtors)
 *(.rodata*)
 *(.eh_fram e*)

.glue_7         0x08000a98        0x0
 .glue_7        0x00000000        0x0 linker stubs

.glue_7t        0x08000a98        0x0
 .glue_7t       0x00000000        0x0 linker stubs

.vfp11_veneer   0x08000a98        0x0
 .vfp11_veneer  0x00000000        0x0 linker stubs

.v4_bx          0x08000a98        0x0
 .v4_bx         0x00000000        0x0 linker stubs

.iplt           0x08000a98        0x0
 .iplt          0x00000000        0x0 ..\obj\startup_stm32f4xx.o

.rel.dyn        0x08000a98        0x0
 .rel.iplt      0x00000000        0x0 ..\obj\startup_stm32f4xx.o

.ARM.extab
 *(.ARM.extab* .gnu.linkonce.armextab.*)
                0x08000a98                __exidx_start = .

.ARM.exidx
 *(.ARM.exidx* .gnu.linkonce.armexidx.*)
                0x08000a98                __exidx_end = .
                0x08000a98                __etext = .
                0x08000a98                _sidata = __etext

.data           0x20000000     0x3a84 load address 0x08000a98
                0x20000000                __data_start__ = .
                0x20000000                _sdata = __data_start__
 *(vtable)
 *(.data*)
 .data          0x20000000     0x3a84 ..\obj\main.o
                0x20000000                bullshit_wav
                0x20003a80                bullshit_wav_len
                0x20003a84                . = ALIGN (0x4)
                0x20003a84                PROVIDE (__preinit_array_start, .)
 *(.preinit_array)
                0x20003a84                PROVIDE (__preinit_array_end, .)
                0x20003a84                . = ALIGN (0x4)
                0x20003a84                PROVIDE (__init_array_start, .)
 *(SORT(.init_array.*))
 *(.init_array)
                0x20003a84                PROVIDE (__init_array_end, .)
                0x20003a84                . = ALIGN (0x4)
                0x20003a84                PROVIDE (__fini_array_start, .)
 *(SORT(.fini_array.*))
 *(.fini_array)
                0x20003a84                PROVIDE (__fini_array_end, .)
 *(.jcr*)
                0x20003a84                . = ALIGN (0x4)
                0x20003a84                __data_end__ = .
                0x20003a84                _edata = __data_end__

.igot.plt       0x20003a84        0x0 load address 0x0800451c
 .igot.plt      0x00000000        0x0 ..\obj\startup_stm32f4xx.o

.bss            0x20003a84       0x20 load address 0x0800451c
                0x20003a84                . = ALIGN (0x4)
                0x20003a84                __bss_start__ = .
                0x20003a84                _sbss = __bss_start__
 *(.bss*)
 .bss           0x20003a84        0x8 ..\obj\main.o
                0x20003a84                p
                0x20003a88                currentByte
 *(COMMON)
 COMMON         0x20003a8c       0x18 ..\obj\main.o
                0x20003a8c                TIM_BaseStruct
                0x20003a98                GPIO_InitStruct
                0x20003aa0                NVIC_InitStruct
                0x20003aa4                . = ALIGN (0x4)
                0x20003aa4                __bss_end__ = .
                0x20003aa4                _ebss = __bss_end__

.heap           0x20003aa4        0x0
                0x20003aa4                __end__ = .
                0x20003aa4                _end = __end__
                0x20003aa4                end = __end__
 *(.heap*)
                0x20003aa4                __HeapLimit = .

.co_stack       0x20003aa4      0x804 load address 0x0800453c
                0x20003aa8                . = ALIGN (0x8)
 *fill*         0x20003aa4        0x4 
 *(.co_stack .co_stack.*)
 .co_stack      0x20003aa8      0x800 ..\obj\startup_stm32f4xx.o
                0x20003aa8                pulStack
                0x20020000                __StackTop = (ORIGIN (ram) + 0x20000)
                0x2001f7fc                __StackLimit = (__StackTop - SIZEOF (.co_stack))
                0x20020000                PROVIDE (__stack, __StackTop)
                0x00000001                ASSERT ((__StackLimit >= __HeapLimit), region ram  overflowed with stack)
LOAD ..\obj\startup_stm32f4xx.o
LOAD ..\obj\main.o
LOAD ..\obj\stm32f4xx_rcc.o
LOAD ..\obj\printf.o
LOAD ..\obj\stm32f4xx_gpio.o
LOAD ..\obj\system_stm32f4xx.o
LOAD ..\obj\syscalls.o
LOAD ..\obj\misc.o
LOAD ..\obj\stm32f4xx_tim.o
START GROUP
LOAD c:/program files (x86)/gnu tools arm embedded/4.9 2015q3/bin/../lib/gcc/arm-none-eabi/4.9.3/armv7e-m\libgcc.a
LOAD c:/program files (x86)/gnu tools arm embedded/4.9 2015q3/bin/../lib/gcc/arm-none-eabi/4.9.3/../../../../arm-none-eabi/lib/armv7e-m\libg.a
LOAD c:/program files (x86)/gnu tools arm embedded/4.9 2015q3/bin/../lib/gcc/arm-none-eabi/4.9.3/../../../../arm-none-eabi/lib/armv7e-m\libc.a
END GROUP
OUTPUT(SamplePlayer.elf elf32-littlearm)

.debug_info     0x00000000     0x436a
 .debug_info    0x00000000       0xed ..\obj\startup_stm32f4xx.o
 .debug_info    0x000000ed      0x8fe ..\obj\main.o
 .debug_info    0x000009eb      0xc4d ..\obj\stm32f4xx_rcc.o
 .debug_info    0x00001638      0x602 ..\obj\stm32f4xx_gpio.o
 .debug_info    0x00001c3a      0x592 ..\obj\system_stm32f4xx.o
 .debug_info    0x000021cc      0x53d ..\obj\misc.o
 .debug_info    0x00002709     0x1c61 ..\obj\stm32f4xx_tim.o

.debug_abbrev   0x00000000      0x9df
 .debug_abbrev  0x00000000       0xb0 ..\obj\startup_stm32f4xx.o
 .debug_abbrev  0x000000b0      0x1a7 ..\obj\main.o
 .debug_abbrev  0x00000257      0x1e3 ..\obj\stm32f4xx_rcc.o
 .debug_abbrev  0x0000043a      0x1a3 ..\obj\stm32f4xx_gpio.o
 .debug_abbrev  0x000005dd      0x136 ..\obj\system_stm32f4xx.o
 .debug_abbrev  0x00000713      0x145 ..\obj\misc.o
 .debug_abbrev  0x00000858      0x187 ..\obj\stm32f4xx_tim.o

.debug_aranges  0x00000000      0x5c0
 .debug_aranges
                0x00000000       0x28 ..\obj\startup_stm32f4xx.o
 .debug_aranges
                0x00000028       0x30 ..\obj\main.o
 .debug_aranges
                0x00000058      0x178 ..\obj\stm32f4xx_rcc.o
 .debug_aranges
                0x000001d0       0x88 ..\obj\stm32f4xx_gpio.o
 .debug_aranges
                0x00000258       0x30 ..\obj\system_stm32f4xx.o
 .debug_aranges
                0x00000288       0x40 ..\obj\misc.o
 .debug_aranges
                0x000002c8      0x2f8 ..\obj\stm32f4xx_tim.o

.debug_ranges   0x00000000      0x550
 .debug_ranges  0x00000000       0x18 ..\obj\startup_stm32f4xx.o
 .debug_ranges  0x00000018       0x20 ..\obj\main.o
 .debug_ranges  0x00000038      0x168 ..\obj\stm32f4xx_rcc.o
 .debug_ranges  0x000001a0       0x78 ..\obj\stm32f4xx_gpio.o
 .debug_ranges  0x00000218       0x20 ..\obj\system_stm32f4xx.o
 .debug_ranges  0x00000238       0x30 ..\obj\misc.o
 .debug_ranges  0x00000268      0x2e8 ..\obj\stm32f4xx_tim.o

.debug_line     0x00000000     0x1a3b
 .debug_line    0x00000000       0x99 ..\obj\startup_stm32f4xx.o
 .debug_line    0x00000099      0x24d ..\obj\main.o
 .debug_line    0x000002e6      0x595 ..\obj\stm32f4xx_rcc.o
 .debug_line    0x0000087b      0x337 ..\obj\stm32f4xx_gpio.o
 .debug_line    0x00000bb2      0x1f2 ..\obj\system_stm32f4xx.o
 .debug_line    0x00000da4      0x239 ..\obj\misc.o
 .debug_line    0x00000fdd      0xa5e ..\obj\stm32f4xx_tim.o

.debug_str      0x00000000     0x1f78
 .debug_str     0x00000000      0x12d ..\obj\startup_stm32f4xx.o
                                0x13f (size before relaxing)
 .debug_str     0x0000012d      0xa2a ..\obj\main.o
                                0xb10 (size before relaxing)
 .debug_str     0x00000b57      0x647 ..\obj\stm32f4xx_rcc.o
                                0x848 (size before relaxing)
 .debug_str     0x0000119e      0x18b ..\obj\stm32f4xx_gpio.o
                                0x49b (size before relaxing)
 .debug_str     0x00001329      0x110 ..\obj\system_stm32f4xx.o
                                0x3a2 (size before relaxing)
 .debug_str     0x00001439      0x149 ..\obj\misc.o
                                0x3c6 (size before relaxing)
 .debug_str     0x00001582      0x9f6 ..\obj\stm32f4xx_tim.o
                                0xdc8 (size before relaxing)

.comment        0x00000000       0x70
 .comment       0x00000000       0x70 ..\obj\startup_stm32f4xx.o
                                 0x71 (size before relaxing)
 .comment       0x00000000       0x71 ..\obj\main.o
 .comment       0x00000000       0x71 ..\obj\stm32f4xx_rcc.o
 .comment       0x00000000       0x71 ..\obj\stm32f4xx_gpio.o
 .comment       0x00000000       0x71 ..\obj\system_stm32f4xx.o
 .comment       0x00000000       0x71 ..\obj\misc.o
 .comment       0x00000000       0x71 ..\obj\stm32f4xx_tim.o

.ARM.attributes
                0x00000000       0x33
 .ARM.attributes
                0x00000000       0x33 ..\obj\startup_stm32f4xx.o
 .ARM.attributes
                0x00000033       0x33 ..\obj\main.o
 .ARM.attributes
                0x00000066       0x33 ..\obj\stm32f4xx_rcc.o
 .ARM.attributes
                0x00000099       0x33 ..\obj\stm32f4xx_gpio.o
 .ARM.attributes
                0x000000cc       0x33 ..\obj\system_stm32f4xx.o
 .ARM.attributes
                0x000000ff       0x33 ..\obj\misc.o
 .ARM.attributes
                0x00000132       0x33 ..\obj\stm32f4xx_tim.o

.debug_frame    0x00000000     0x1984
 .debug_frame   0x00000000       0x4c ..\obj\startup_stm32f4xx.o
 .debug_frame   0x0000004c       0x80 ..\obj\main.o
 .debug_frame   0x000000cc      0x6d4 ..\obj\stm32f4xx_rcc.o
 .debug_frame   0x000007a0      0x23c ..\obj\stm32f4xx_gpio.o
 .debug_frame   0x000009dc       0x7c ..\obj\system_stm32f4xx.o
 .debug_frame   0x00000a58       0xd8 ..\obj\misc.o
 .debug_frame   0x00000b30      0xe54 ..\obj\stm32f4xx_tim.o
